// Jest Snapshot v1, https://goo.gl/fbAQLP

exports[`<DetailTitle> Should render a DetailTitle properly. 1`] = `
.c0 {
  font-family: 'Roboto',sans-serif;
  font-size: 30px;
  font-weight: 300;
  color: white;
  -webkit-letter-spacing: 1.1px;
  -moz-letter-spacing: 1.1px;
  -ms-letter-spacing: 1.1px;
  letter-spacing: 1.1px;
}

<h2
  className="c0"
/>
`;
