// Jest Snapshot v1, https://goo.gl/fbAQLP

exports[`<App> should render an app with its children properly. 1`] = `
.c0 {
  display: -webkit-box;
  display: -webkit-flex;
  display: -ms-flexbox;
  display: flex;
  -webkit-flex-direction: column;
  -ms-flex-direction: column;
  flex-direction: column;
}

<div
  className="c0"
>
  <p>
    Here comes the app!
  </p>
</div>
`;
