// Jest Snapshot v1, https://goo.gl/fbAQLP

exports[`<ErrorMessage> Should render an ErrorMessage properly. 1`] = `
.c0 {
  font-weight: 600;
  font-size: 14px;
  line-height: 18px;
  color: #D74B4B;
}

<span
  className="c0"
>
  This is an error!
</span>
`;
